{% extends base %}	

<!-- goes in body -->	
{% block preamble %}
<script type="text/javascript" src="http://code.jquery.com/jquery-1.11.1.min.js"></script>	
<script type="text/javascript" src="https://golden-layout.com/files/latest/js/goldenlayout.js"></script>	
<link type="text/css" rel="stylesheet" href="https://golden-layout.com/files/latest/css/goldenlayout-base.css" />	
{% endblock %}

<!-- goes in body -->	
{% block contents %}	
<header class="app-bar" id="header">	
  <div class="">	
    <section class="">	
      <span class="header-title">{{ app_title }}</span>	
	  {% for doc in docs %}	
      {% for root in doc.roots %}	
      {% if "header" in root.tags %}	
      {type: 'component', componentName: 'view', componentState: {model: '{{ embed(root) }}', title: "{{ 'Sidebar' }}"}},	
      {% endif %}	
      {% endfor %}	
      {% endfor %}	
    </section>	
  </div>	
</header>	

<div class="main-area header-adjust" id="main">	
  <main class="main-content" id="main-content"></main>	
</div>	

<script>	
  var config = {	
    content: [
      {
        type: 'row',
        content: [
          {
            type: 'component',
            componentName: 'view',
            componentState: {
              title: "Sidebar",
              model: '{% for doc in docs %}{% for root in doc.roots %}{% if "nav" in root.tags %} {{ embed(root) }} {% endif %}{% endfor %}{% endfor %}'
            },
            width: 20
          },
          {
            type: 'stack',
            width: 80,
            content: [	
              {% for doc in docs %}	
              {% for root in doc.roots %}	
              {% if "main" in root.tags%}	
              {
                type: 'component',
                componentName: 'view',
                componentState: {
                  model: '{{ embed(root) }}',
                  title: "{{ root_labels[root.name] }}"
                },
              }
              {% endif %}	
              {% endfor %}	
              {% endfor %}	
            ]
          }
        ]
      }     
    ]
  };

  var myLayout = new GoldenLayout(config, $('#main-content'));
  var resizing = false;
  var resize_dispatcher = () => {
    resizing = true;
    window.dispatchEvent(new Event("resize"))
    resizing = false;
  }
  myLayout.registerComponent('view', function( container, componentState ) {
    const {width, css_classes} = componentState
    if (width) {
      container.on('open', () => container.setSize(width, container.height))
    }
    if (css_classes) {
      css_classes.map((item) => container.getElement().addClass(item))
    }
    container.setTitle(componentState.title)
    container.getElement().html(componentState.model);
    container.on("resize", resize_dispatcher)
  })
  myLayout.init()
  window.addEventListener('resize', (event) => {
    if (!resizing) {
      myLayout.updateSize(window.innerWidth, window.innerHeight)
    }
  });
</script>

{% endblock %}
